// Jest Snapshot v1, https://goo.gl/fbAQLP

exports[`SubtreeProfiler works in profiling and non-profiling bundles enableSchedulerTracing:disabled enableProfilerTimer:disabled should render children 1`] = `
<div>
  <span>
    outside span
  </span>
  <span>
    inside span
  </span>
  <span>
    function component
  </span>
</div>
`;

exports[`SubtreeProfiler works in profiling and non-profiling bundles enableSchedulerTracing:disabled enableProfilerTimer:disabled should support an empty SubtreeProfiler (with no children) 1`] = `null`;

exports[`SubtreeProfiler works in profiling and non-profiling bundles enableSchedulerTracing:disabled enableProfilerTimer:disabled should support an empty SubtreeProfiler (with no children) 2`] = `<div />`;

exports[`SubtreeProfiler works in profiling and non-profiling bundles enableSchedulerTracing:disabled enableProfilerTimer:disabled should support nested SubtreeProfilers 1`] = `
Array [
  <div>
    outer function component
  </div>,
  <block>
    inner class component
  </block>,
  <span>
    inner span
  </span>,
]
`;

exports[`SubtreeProfiler works in profiling and non-profiling bundles enableSchedulerTracing:disabled enableProfilerTimer:disabled should support nested SubtreeProfilers 1`] = `
Array [
  <div>
    outer function component
  </div>,
  <block>
    inner class component
  </block>,
  <span>
    inner span
  </span>,
]
`;

exports[`SubtreeProfiler works in profiling and non-profiling bundles enableSchedulerTracing:disabled enableProfilerTimer:enabled should render children 1`] = `
<div>
  <span>
    outside span
  </span>
  <span>
    inside span
  </span>
  <span>
    function component
  </span>
</div>
`;

exports[`SubtreeProfiler works in profiling and non-profiling bundles enableSchedulerTracing:disabled enableProfilerTimer:enabled should support an empty SubtreeProfiler (with no children) 1`] = `null`;

exports[`SubtreeProfiler works in profiling and non-profiling bundles enableSchedulerTracing:disabled enableProfilerTimer:enabled should support an empty SubtreeProfiler (with no children) 2`] = `<div />`;

exports[`SubtreeProfiler works in profiling and non-profiling bundles enableSchedulerTracing:disabled enableProfilerTimer:enabled should support nested SubtreeProfilers 1`] = `
Array [
  <div>
    outer function component
  </div>,
  <block>
    inner class component
  </block>,
  <span>
    inner span
  </span>,
]
`;

exports[`SubtreeProfiler works in profiling and non-profiling bundles enableSchedulerTracing:disabled enableProfilerTimer:enabled should support nested SubtreeProfilers 1`] = `
Array [
  <div>
    outer function component
  </div>,
  <block>
    inner class component
  </block>,
  <span>
    inner span
  </span>,
]
`;

exports[`SubtreeProfiler works in profiling and non-profiling bundles enableSchedulerTracing:enabled enableProfilerTimer:disabled should render children 1`] = `
<div>
  <span>
    outside span
  </span>
  <span>
    inside span
  </span>
  <span>
    function component
  </span>
</div>
`;

exports[`SubtreeProfiler works in profiling and non-profiling bundles enableSchedulerTracing:enabled enableProfilerTimer:disabled should support an empty SubtreeProfiler (with no children) 1`] = `null`;

exports[`SubtreeProfiler works in profiling and non-profiling bundles enableSchedulerTracing:enabled enableProfilerTimer:disabled should support an empty SubtreeProfiler (with no children) 2`] = `<div />`;

exports[`SubtreeProfiler works in profiling and non-profiling bundles enableSchedulerTracing:enabled enableProfilerTimer:disabled should support nested SubtreeProfilers 1`] = `
Array [
  <div>
    outer function component
  </div>,
  <block>
    inner class component
  </block>,
  <span>
    inner span
  </span>,
]
`;

exports[`SubtreeProfiler works in profiling and non-profiling bundles enableSchedulerTracing:enabled enableProfilerTimer:disabled should support nested SubtreeProfilers 1`] = `
Array [
  <div>
    outer function component
  </div>,
  <block>
    inner class component
  </block>,
  <span>
    inner span
  </span>,
]
`;

exports[`SubtreeProfiler works in profiling and non-profiling bundles enableSchedulerTracing:enabled enableProfilerTimer:enabled should render children 1`] = `
<div>
  <span>
    outside span
  </span>
  <span>
    inside span
  </span>
  <span>
    function component
  </span>
</div>
`;

exports[`SubtreeProfiler works in profiling and non-profiling bundles enableSchedulerTracing:enabled enableProfilerTimer:enabled should support an empty SubtreeProfiler (with no children) 1`] = `null`;

exports[`SubtreeProfiler works in profiling and non-profiling bundles enableSchedulerTracing:enabled enableProfilerTimer:enabled should support an empty SubtreeProfiler (with no children) 2`] = `<div />`;

exports[`SubtreeProfiler works in profiling and non-profiling bundles enableSchedulerTracing:enabled enableProfilerTimer:enabled should support nested SubtreeProfilers 1`] = `
Array [
  <div>
    outer function component
  </div>,
  <block>
    inner class component
  </block>,
  <span>
    inner span
  </span>,
]
`;

exports[`SubtreeProfiler works in profiling and non-profiling bundles enableSchedulerTracing:enabled enableProfilerTimer:enabled should support nested SubtreeProfilers 1`] = `
Array [
  <div>
    outer function component
  </div>,
  <block>
    inner class component
  </block>,
  <span>
    inner span
  </span>,
]
`;
