// Jest Snapshot v1, https://goo.gl/fbAQLP

exports[`InspectedElement should inspect hooks for components that only use context: 1: Inspected element 2 1`] = `
Object {
  "canEditFunctionProps": true,
  "canEditFunctionPropsDeletePaths": true,
  "canEditFunctionPropsRenamePaths": true,
  "canEditHooks": true,
  "canEditHooksAndDeletePaths": true,
  "canEditHooksAndRenamePaths": true,
  "canToggleSuspense": true,
  "canViewSource": true,
  "context": null,
  "errors": Array [],
  "hasLegacyContext": false,
  "hooks": Array [
    Object {
      "id": null,
      "isStateEditable": false,
      "name": "Context",
      "subHooks": Array [],
      "value": true,
    },
  ],
  "id": 2,
  "key": null,
  "owners": null,
  "props": Object {
    "a": 1,
    "b": "abc",
  },
  "rendererPackageName": "react-dom",
  "rendererVersion": "17.0.2",
  "rootType": "createLegacyRoot()",
  "source": Object {
    "columnNumber": 23,
    "fileName": "/Users/bvaughn/Documents/git/react/packages/react-devtools-shared/src/__tests__/inspectedElement-test.js",
    "lineNumber": 1749,
  },
  "state": null,
  "type": 5,
  "warnings": Array [],
}
`;
