function useFoo(props) {
  "use no memo";
  const x = () => {};
  const y = function (a) {};
  return foo(props.x, x);
}
function Component() {
  const $ = _c(2);
  const x = useFoo();
  let t0;
  if ($[0] !== x) {
    t0 = <div>{x}</div>;
    $[0] = x;
    $[1] = t0;
  } else {
    t0 = $[1];
  }
  return t0;
}