// Jest Snapshot v1, https://goo.gl/fbAQLP

exports[`ReactFragment should render via native renderer 1`] = `
"<native root> {}
  View null
    Text {\\"foo\\":\\"a\\"}
      RCTRawText {\\"text\\":\\"1\\"}
    Text {\\"foo\\":\\"b\\"}
      RCTRawText {\\"text\\":\\"2\\"}"
`;
