// Jest Snapshot v1, https://goo.gl/fbAQLP

exports[`fails if unknown/unsupported event types are dispatch 1`] = `
"<native root> {}
  View null"
`;

exports[`handles events 1`] = `
"<native root> {}
  View {\\"foo\\":\\"outer\\"}
    View {\\"foo\\":\\"inner\\"}"
`;
